id,table/0/id,table/0/dish/0/id,table/0/dish/0/name,table/0/dish/0/cost
